<?php return array (
  0 => 'Symfony\\Bundle\\FrameworkBundle\\Controller\\Controller',
  1 => 'AppBundle\\Controller\\DefaultController',
  2 => 'Docova\\DocovaBundle\\Controller\\AccessController',
  3 => 'Docova\\DocovaBundle\\Controller\\AdminController',
  4 => 'Docova\\DocovaBundle\\Controller\\AppBuilderController',
  5 => 'Docova\\DocovaBundle\\Controller\\ApplicationsController',
  6 => 'Docova\\DocovaBundle\\Controller\\CustomServicesController',
  7 => 'Docova\\DocovaBundle\\Controller\\DefaultController',
  8 => 'Docova\\DocovaBundle\\Controller\\DeploymentController',
  9 => 'Docova\\DocovaBundle\\Controller\\DesignerController',
  10 => 'Docova\\DocovaBundle\\Controller\\DocumentController',
  11 => 'Docova\\DocovaBundle\\Controller\\DocumentServicesController',
  12 => 'Docova\\DocovaBundle\\Controller\\FolderController',
  13 => 'Docova\\DocovaBundle\\Controller\\LibraryController',
  14 => 'Docova\\DocovaBundle\\Controller\\MailController',
  15 => 'Docova\\DocovaBundle\\Controller\\Miscellaneous',
  16 => 'Docova\\DocovaBundle\\Controller\\MobileController',
  17 => 'Docova\\DocovaBundle\\Controller\\PublicAccessController',
  18 => 'Docova\\DocovaBundle\\Controller\\SearchController',
  19 => 'Docova\\DocovaBundle\\Controller\\SecurityController',
  20 => 'Docova\\DocovaBundle\\Controller\\Synchronization',
  21 => 'Docova\\DocovaBundle\\Controller\\UserController',
  22 => 'Docova\\DocovaBundle\\Controller\\UtilityHelperTeitr',
  23 => 'Docova\\DocovaBundle\\Controller\\ViewsController',
  24 => 'Docova\\DocovaBundle\\Controller\\WorkspaceController',
  25 => 'Docova\\DocovaBundle\\Entity\\Activities',
  26 => 'Docova\\DocovaBundle\\Entity\\ActivitiesRepository',
  27 => 'Docova\\DocovaBundle\\Entity\\AppAcl',
  28 => 'Docova\\DocovaBundle\\Entity\\AppAgents',
  29 => 'Docova\\DocovaBundle\\Entity\\AppAgentsRepository',
  30 => 'Docova\\DocovaBundle\\Entity\\AppCss',
  31 => 'Docova\\DocovaBundle\\Entity\\AppCssRepository',
  32 => 'Docova\\DocovaBundle\\Entity\\AppDocComments',
  33 => 'Docova\\DocovaBundle\\Entity\\AppDocCommentsRepository',
  34 => 'Docova\\DocovaBundle\\Entity\\AppFiles',
  35 => 'Docova\\DocovaBundle\\Entity\\AppFilesRepository',
  36 => 'Docova\\DocovaBundle\\Entity\\AppFormAttProperties',
  37 => 'Docova\\DocovaBundle\\Entity\\AppFormProperties',
  38 => 'Docova\\DocovaBundle\\Entity\\AppForms',
  39 => 'Docova\\DocovaBundle\\Entity\\AppFormsRepository',
  40 => 'Docova\\DocovaBundle\\Entity\\AppGroupsContent',
  41 => 'Docova\\DocovaBundle\\Entity\\AppGroupsContentRepository',
  42 => 'Docova\\DocovaBundle\\Entity\\AppJavaScripts',
  43 => 'Docova\\DocovaBundle\\Entity\\AppJavaScriptsRepository',
  44 => 'Docova\\DocovaBundle\\Entity\\AppLayout',
  45 => 'Docova\\DocovaBundle\\Entity\\AppLayoutRepository',
  46 => 'Docova\\DocovaBundle\\Entity\\AppOutlines',
  47 => 'Docova\\DocovaBundle\\Entity\\AppOutlinesRepository',
  48 => 'Docova\\DocovaBundle\\Entity\\AppPages',
  49 => 'Docova\\DocovaBundle\\Entity\\AppPagesRepository',
  50 => 'Docova\\DocovaBundle\\Entity\\AppPhpScripts',
  51 => 'Docova\\DocovaBundle\\Entity\\AppPhpScriptsRepository',
  52 => 'Docova\\DocovaBundle\\Entity\\AppViews',
  53 => 'Docova\\DocovaBundle\\Entity\\AppViewsRepository',
  54 => 'Docova\\DocovaBundle\\Entity\\ArchivePolicies',
  55 => 'Docova\\DocovaBundle\\Entity\\ArchivePoliciesRepository',
  56 => 'Docova\\DocovaBundle\\Entity\\AttachmentsDetails',
  57 => 'Docova\\DocovaBundle\\Entity\\AttachmentsDetailsRepository',
  58 => 'Docova\\DocovaBundle\\Entity\\Bookmarks',
  59 => 'Docova\\DocovaBundle\\Entity\\CustomSearchFields',
  60 => 'Docova\\DocovaBundle\\Entity\\CustomSearchFieldsRepository',
  61 => 'Docova\\DocovaBundle\\Entity\\DataSources',
  62 => 'Docova\\DocovaBundle\\Entity\\DataSourcesRepository',
  63 => 'Docova\\DocovaBundle\\Entity\\DataViews',
  64 => 'Docova\\DocovaBundle\\Entity\\DataViewsRepository',
  65 => 'Docova\\DocovaBundle\\Entity\\DesignElements',
  66 => 'Docova\\DocovaBundle\\Entity\\DesignElementsRepository',
  67 => 'Docova\\DocovaBundle\\Entity\\DiscussionAttachments',
  68 => 'Docova\\DocovaBundle\\Entity\\DiscussionTopic',
  69 => 'Docova\\DocovaBundle\\Entity\\DocTypeFieldsProperty',
  70 => 'Docova\\DocovaBundle\\Entity\\DocTypeFieldsPropertyRepository',
  71 => 'Docova\\DocovaBundle\\Entity\\DocTypeSubforms',
  72 => 'Docova\\DocovaBundle\\Entity\\DocWorkflowStepActions',
  73 => 'Docova\\DocovaBundle\\Entity\\DocumentActivities',
  74 => 'Docova\\DocovaBundle\\Entity\\DocumentActivitiesRepository',
  75 => 'Docova\\DocovaBundle\\Entity\\DocumentComments',
  76 => 'Docova\\DocovaBundle\\Entity\\DocumentCommentsRepository',
  77 => 'Docova\\DocovaBundle\\Entity\\DocumentTypes',
  78 => 'Docova\\DocovaBundle\\Entity\\DocumentTypesRepository',
  79 => 'Docova\\DocovaBundle\\Entity\\DocumentWorkflowSteps',
  80 => 'Docova\\DocovaBundle\\Entity\\DocumentWorkflowStepsRepository',
  81 => 'Docova\\DocovaBundle\\Entity\\Documents',
  82 => 'Docova\\DocovaBundle\\Entity\\DocumentsLog',
  83 => 'Docova\\DocovaBundle\\Entity\\DocumentsLogRepository',
  84 => 'Docova\\DocovaBundle\\Entity\\DocumentsRepository',
  85 => 'Docova\\DocovaBundle\\Entity\\DocumentsWatchlist',
  86 => 'Docova\\DocovaBundle\\Entity\\EventLogs',
  87 => 'Docova\\DocovaBundle\\Entity\\FacetMaps',
  88 => 'Docova\\DocovaBundle\\Entity\\FacetMapsRepository',
  89 => 'Docova\\DocovaBundle\\Entity\\FieldSummary',
  90 => 'Docova\\DocovaBundle\\Entity\\FileResources',
  91 => 'Docova\\DocovaBundle\\Entity\\FileResourcesRepository',
  92 => 'Docova\\DocovaBundle\\Entity\\FileTemplates',
  93 => 'Docova\\DocovaBundle\\Entity\\FileTemplatesRepository',
  94 => 'Docova\\DocovaBundle\\Entity\\Folders',
  95 => 'Docova\\DocovaBundle\\Entity\\FoldersLog',
  96 => 'Docova\\DocovaBundle\\Entity\\FoldersRepository',
  97 => 'Docova\\DocovaBundle\\Entity\\FoldersWatchlist',
  98 => 'Docova\\DocovaBundle\\Entity\\FormDateTimeValues',
  99 => 'Docova\\DocovaBundle\\Entity\\FormDateTimeValuesRepository',
  100 => 'Docova\\DocovaBundle\\Entity\\FormGroupValues',
  101 => 'Docova\\DocovaBundle\\Entity\\FormGroupValuesRepository',
  102 => 'Docova\\DocovaBundle\\Entity\\FormNameValues',
  103 => 'Docova\\DocovaBundle\\Entity\\FormNameValuesRepository',
  104 => 'Docova\\DocovaBundle\\Entity\\FormNumericValues',
  105 => 'Docova\\DocovaBundle\\Entity\\FormNumericValuesRepository',
  106 => 'Docova\\DocovaBundle\\Entity\\FormTextValues',
  107 => 'Docova\\DocovaBundle\\Entity\\FormTextValuesRepository',
  108 => 'Docova\\DocovaBundle\\Entity\\GlobalSettings',
  109 => 'Docova\\DocovaBundle\\Entity\\GlobalSettingsRepository',
  110 => 'Docova\\DocovaBundle\\Entity\\HtmlResources',
  111 => 'Docova\\DocovaBundle\\Entity\\HtmlResourcesRepository',
  112 => 'Docova\\DocovaBundle\\Entity\\Libraries',
  113 => 'Docova\\DocovaBundle\\Entity\\LibrariesRepository',
  114 => 'Docova\\DocovaBundle\\Entity\\LibraryGroups',
  115 => 'Docova\\DocovaBundle\\Entity\\ListFieldOptions',
  116 => 'Docova\\DocovaBundle\\Entity\\MigratedAppACE',
  117 => 'Docova\\DocovaBundle\\Entity\\MigratedAppACERepository',
  118 => 'Docova\\DocovaBundle\\Entity\\PanelWidgets',
  119 => 'Docova\\DocovaBundle\\Entity\\PublicAccessResources',
  120 => 'Docova\\DocovaBundle\\Entity\\PublicAccessResourcesRepository',
  121 => 'Docova\\DocovaBundle\\Entity\\RelatedDocuments',
  122 => 'Docova\\DocovaBundle\\Entity\\RelatedDocumentsRepository',
  123 => 'Docova\\DocovaBundle\\Entity\\RelatedEmails',
  124 => 'Docova\\DocovaBundle\\Entity\\RelatedLinks',
  125 => 'Docova\\DocovaBundle\\Entity\\ReviewItems',
  126 => 'Docova\\DocovaBundle\\Entity\\ReviewItemsRepository',
  127 => 'Docova\\DocovaBundle\\Entity\\ReviewPolicies',
  128 => 'Docova\\DocovaBundle\\Entity\\ReviewPoliciesRepository',
  129 => 'Docova\\DocovaBundle\\Entity\\SavedSearches',
  130 => 'Docova\\DocovaBundle\\Entity\\SavedSearchesRepository',
  131 => 'Docova\\DocovaBundle\\Entity\\SubformActionButtons',
  132 => 'Docova\\DocovaBundle\\Entity\\Subforms',
  133 => 'Docova\\DocovaBundle\\Entity\\SubformsRepository',
  134 => 'Docova\\DocovaBundle\\Entity\\SystemMessages',
  135 => 'Docova\\DocovaBundle\\Entity\\SystemMessagesRepository',
  136 => 'Docova\\DocovaBundle\\Entity\\SystemPerspectives',
  137 => 'Docova\\DocovaBundle\\Entity\\SystemPerspectivesRepository',
  138 => 'Docova\\DocovaBundle\\Entity\\TempEditAttachment',
  139 => 'Docova\\DocovaBundle\\Entity\\TrashedLogs',
  140 => 'Docova\\DocovaBundle\\Entity\\TrashedLogsRepository',
  141 => 'Docova\\DocovaBundle\\Entity\\UserAccounts',
  142 => 'Docova\\DocovaBundle\\Entity\\UserAccountsRepository',
  143 => 'Docova\\DocovaBundle\\Entity\\UserAppGroups',
  144 => 'Docova\\DocovaBundle\\Entity\\UserAppGroupsRepository',
  145 => 'Docova\\DocovaBundle\\Entity\\UserDelegates',
  146 => 'Docova\\DocovaBundle\\Entity\\UserLibrariesGroups',
  147 => 'Docova\\DocovaBundle\\Entity\\UserLibrariesGroupsRepository',
  148 => 'Docova\\DocovaBundle\\Entity\\UserPanels',
  149 => 'Docova\\DocovaBundle\\Entity\\UserPanelsRepository',
  150 => 'Docova\\DocovaBundle\\Entity\\UserProfile',
  151 => 'Docova\\DocovaBundle\\Entity\\UserRecentApps',
  152 => 'Docova\\DocovaBundle\\Entity\\UserRecentAppsRepository',
  153 => 'Docova\\DocovaBundle\\Entity\\UserRoles',
  154 => 'Docova\\DocovaBundle\\Entity\\UserRolesRepository',
  155 => 'Docova\\DocovaBundle\\Entity\\UserScriptFunction',
  156 => 'Docova\\DocovaBundle\\Entity\\UserWorkspace',
  157 => 'Docova\\DocovaBundle\\Entity\\ViewColumns',
  158 => 'Docova\\DocovaBundle\\Entity\\ViewColumnsRepository',
  159 => 'Docova\\DocovaBundle\\Entity\\Widgets',
  160 => 'Docova\\DocovaBundle\\Entity\\WidgetsRepository',
  161 => 'Docova\\DocovaBundle\\Entity\\Workflow',
  162 => 'Docova\\DocovaBundle\\Entity\\WorkflowAssignee',
  163 => 'Docova\\DocovaBundle\\Entity\\WorkflowCompletedBy',
  164 => 'Docova\\DocovaBundle\\Entity\\WorkflowRepository',
  165 => 'Docova\\DocovaBundle\\Entity\\WorkflowStepActions',
  166 => 'Docova\\DocovaBundle\\Entity\\WorkflowSteps',
  167 => 'Doctrine\\Bundle\\DoctrineBundle\\Controller\\ProfilerController',
  168 => 'Doctrine\\ORM\\Cache\\Persister\\Entity\\AbstractEntityPersister',
  169 => 'Doctrine\\ORM\\Cache\\Persister\\Entity\\CachedEntityPersister',
  170 => 'Doctrine\\ORM\\Cache\\Persister\\Entity\\NonStrictReadWriteCachedEntityPersister',
  171 => 'Doctrine\\ORM\\Cache\\Persister\\Entity\\ReadOnlyCachedEntityPersister',
  172 => 'Doctrine\\ORM\\Cache\\Persister\\Entity\\ReadWriteCachedEntityPersister',
  173 => 'Doctrine\\ORM\\Persisters\\Entity\\AbstractEntityInheritancePersister',
  174 => 'Doctrine\\ORM\\Persisters\\Entity\\BasicEntityPersister',
  175 => 'Doctrine\\ORM\\Persisters\\Entity\\CachedPersisterContext',
  176 => 'Doctrine\\ORM\\Persisters\\Entity\\EntityPersister',
  177 => 'Doctrine\\ORM\\Persisters\\Entity\\JoinedSubclassPersister',
  178 => 'Doctrine\\ORM\\Persisters\\Entity\\SingleTablePersister',
  179 => 'Symfony\\Bundle\\FrameworkBundle\\Controller\\AbstractController',
  181 => 'Symfony\\Bundle\\FrameworkBundle\\Controller\\ControllerNameParser',
  182 => 'Symfony\\Bundle\\FrameworkBundle\\Controller\\ControllerResolver',
  183 => 'Symfony\\Bundle\\FrameworkBundle\\Controller\\ControllerTrait',
  184 => 'Symfony\\Bundle\\FrameworkBundle\\Controller\\RedirectController',
  185 => 'Symfony\\Bundle\\FrameworkBundle\\Controller\\TemplateController',
  186 => 'Symfony\\Bundle\\TwigBundle\\Controller\\ExceptionController',
  187 => 'Symfony\\Bundle\\TwigBundle\\Controller\\PreviewErrorController',
  188 => 'Symfony\\Bundle\\WebProfilerBundle\\Controller\\ExceptionController',
  189 => 'Symfony\\Bundle\\WebProfilerBundle\\Controller\\ProfilerController',
  190 => 'Symfony\\Bundle\\WebProfilerBundle\\Controller\\RouterController',
  191 => 'Symfony\\Component\\HttpKernel\\Controller\\ArgumentResolver',
  192 => 'Symfony\\Component\\HttpKernel\\Controller\\ArgumentResolverInterface',
  193 => 'Symfony\\Component\\HttpKernel\\Controller\\ArgumentResolver\\DefaultValueResolver',
  194 => 'Symfony\\Component\\HttpKernel\\Controller\\ArgumentResolver\\RequestAttributeValueResolver',
  195 => 'Symfony\\Component\\HttpKernel\\Controller\\ArgumentResolver\\RequestValueResolver',
  196 => 'Symfony\\Component\\HttpKernel\\Controller\\ArgumentResolver\\ServiceValueResolver',
  197 => 'Symfony\\Component\\HttpKernel\\Controller\\ArgumentResolver\\SessionValueResolver',
  198 => 'Symfony\\Component\\HttpKernel\\Controller\\ArgumentResolver\\VariadicValueResolver',
  199 => 'Symfony\\Component\\HttpKernel\\Controller\\ArgumentValueResolverInterface',
  200 => 'Symfony\\Component\\HttpKernel\\Controller\\ContainerControllerResolver',
  201 => 'Symfony\\Component\\HttpKernel\\Controller\\ControllerReference',
  202 => 'Symfony\\Component\\HttpKernel\\Controller\\ControllerResolver',
  203 => 'Symfony\\Component\\HttpKernel\\Controller\\ControllerResolverInterface',
  204 => 'Symfony\\Component\\HttpKernel\\Controller\\TraceableArgumentResolver',
  205 => 'Symfony\\Component\\HttpKernel\\Controller\\TraceableControllerResolver',
);